-[Foo finalize]: foo
-[Foo finalize]: bar
-[Foo finalize]: after
-[Foo finalize]: before
