a: 0
a: 1
a: 2
a: 3
a: 4
a: 5
a: 6
a: 7
a: 8
a: 9
a: 10
a: 11
a: 12
a: 13
a: 14
a: 15
a: 16
a: 17
a: 18
a: 19
a: 20
a: 21
a: 22
a: 23
a: 24
a: 25
a: 26
a: 27
a: 28
a: 29
a: 30
a: 31
a: 32
a: 33
a: 34
a: 35
a: 36
a: 37
a: 38
a: 39
a: 40
a: 41
a: 42
a: 43
a: 44
a: 45
a: 46
a: 47
a: 48
a: 49
a: 50
a: 51
a: 52
a: 53
a: 54
a: 55
a: 56
a: 57
a: 58
a: 59
a: 60
a: 61
a: 62
a: 63
a: 64
a: 65
a: 66
a: 67
a: 68
a: 69
a: 70
a: 71
a: 72
a: 73
a: 74
a: 75
a: 76
a: 77
a: 78
a: 79
a: 80
a: 81
a: 82
a: 83
a: 84
a: 85
a: 86
a: 87
a: 88
a: 89
a: 90
a: 91
a: 92
a: 93
a: 94
a: 95
a: 96
a: 97
a: 98
a: 99
a: 100
a: 101
a: 102
a: 103
a: 104
a: 105
a: 106
a: 107
a: 108
a: 109
a: 110
a: 111
a: 112
a: 113
a: 114
a: 115
a: 116
a: 117
a: 118
a: 119
a: 120
a: 121
a: 122
a: 123
a: 124
a: 125
a: 126
a: 127
a: 128
a: 129
a: 130
a: 131
a: 132
a: 133
a: 134
a: 135
a: 136
a: 137
a: 138
a: 139
a: 140
a: 141
a: 142
a: 143
a: 144
a: 145
a: 146
a: 147
a: 148
a: 149
a: 150
a: 151
a: 152
a: 153
a: 154
a: 155
a: 156
a: 157
a: 158
a: 159
a: 160
a: 161
a: 162
a: 163
a: 164
a: 165
a: 166
a: 167
a: 168
a: 169
a: 170
a: 171
a: 172
a: 173
a: 174
a: 175
a: 176
a: 177
a: 178
a: 179
a: 180
a: 181
a: 182
a: 183
a: 184
a: 185
a: 186
a: 187
a: 188
a: 189
a: 190
a: 191
a: 192
a: 193
a: 194
a: 195
a: 196
a: 197
a: 198
a: 199
a: 200
a: 201
a: 202
a: 203
a: 204
a: 205
a: 206
a: 207
a: 208
a: 209
a: 210
a: 211
a: 212
a: 213
a: 214
a: 215
a: 216
a: 217
a: 218
a: 219
a: 220
a: 221
a: 222
a: 223
a: 224
a: 225
a: 226
a: 227
a: 228
a: 229
a: 230
a: 231
a: 232
a: 233
a: 234
a: 235
a: 236
a: 237
a: 238
a: 239
a: 240
a: 241
a: 242
a: 243
a: 244
a: 245
a: 246
a: 247
a: 248
a: 249
a: 250
a: 251
a: 252
a: 253
a: 254
a: 255
a: 256
a: 257
a: 258
a: 259
a: 260
a: 261
a: 262
a: 263
a: 264
a: 265
a: 266
a: 267
a: 268
a: 269
a: 270
a: 271
a: 272
a: 273
a: 274
a: 275
a: 276
a: 277
a: 278
a: 279
a: 280
a: 281
a: 282
a: 283
a: 284
a: 285
a: 286
a: 287
a: 288
a: 289
a: 290
a: 291
a: 292
a: 293
a: 294
a: 295
a: 296
a: 297
a: 298
a: 299
a: 300
a: 301
a: 302
a: 303
a: 304
a: 305
a: 306
a: 307
a: 308
a: 309
a: 310
a: 311
a: 312
a: 313
a: 314
a: 315
a: 316
a: 317
a: 318
a: 319
a: 320
a: 321
a: 322
a: 323
a: 324
a: 325
a: 326
a: 327
a: 328
a: 329
a: 330
a: 331
a: 332
a: 333
a: 334
a: 335
a: 336
a: 337
a: 338
a: 339
a: 340
a: 341
a: 342
a: 343
a: 344
a: 345
a: 346
a: 347
a: 348
a: 349
a: 350
a: 351
a: 352
a: 353
a: 354
a: 355
a: 356
a: 357
a: 358
a: 359
a: 360
a: 361
a: 362
a: 363
a: 364
a: 365
a: 366
a: 367
a: 368
a: 369
a: 370
a: 371
a: 372
a: 373
a: 374
a: 375
a: 376
a: 377
a: 378
a: 379
a: 380
a: 381
a: 382
a: 383
a: 384
a: 385
a: 386
a: 387
a: 388
a: 389
a: 390
a: 391
a: 392
a: 393
a: 394
a: 395
a: 396
a: 397
a: 398
a: 399
a: 400
a: 401
a: 402
a: 403
a: 404
a: 405
a: 406
a: 407
a: 408
a: 409
a: 410
a: 411
a: 412
a: 413
a: 414
a: 415
a: 416
a: 417
a: 418
a: 419
a: 420
a: 421
a: 422
a: 423
a: 424
a: 425
a: 426
a: 427
a: 428
a: 429
a: 430
a: 431
a: 432
a: 433
a: 434
a: 435
a: 436
a: 437
a: 438
a: 439
a: 440
a: 441
a: 442
a: 443
a: 444
a: 445
a: 446
a: 447
a: 448
a: 449
a: 450
a: 451
a: 452
a: 453
a: 454
a: 455
a: 456
a: 457
a: 458
a: 459
a: 460
a: 461
a: 462
a: 463
a: 464
a: 465
a: 466
a: 467
a: 468
a: 469
a: 470
a: 471
a: 472
a: 473
a: 474
a: 475
a: 476
a: 477
a: 478
a: 479
a: 480
a: 481
a: 482
a: 483
a: 484
a: 485
a: 486
a: 487
a: 488
a: 489
a: 490
a: 491
a: 492
a: 493
a: 494
a: 495
a: 496
a: 497
a: 498
a: 499
a: 500
a: 501
a: 502
a: 503
a: 504
a: 505
a: 506
a: 507
a: 508
a: 509
a: 510
a: 511
a: 512
a: 513
a: 514
a: 515
a: 516
a: 517
a: 518
a: 519
a: 520
a: 521
a: 522
a: 523
a: 524
a: 525
a: 526
a: 527
a: 528
a: 529
a: 530
a: 531
a: 532
a: 533
a: 534
a: 535
a: 536
a: 537
a: 538
a: 539
a: 540
a: 541
a: 542
a: 543
a: 544
a: 545
a: 546
a: 547
a: 548
a: 549
a: 550
a: 551
a: 552
a: 553
a: 554
a: 555
a: 556
a: 557
a: 558
a: 559
a: 560
a: 561
a: 562
a: 563
a: 564
a: 565
a: 566
a: 567
a: 568
a: 569
a: 570
a: 571
a: 572
a: 573
a: 574
a: 575
a: 576
a: 577
a: 578
a: 579
a: 580
a: 581
a: 582
a: 583
a: 584
a: 585
a: 586
a: 587
a: 588
a: 589
a: 590
a: 591
a: 592
a: 593
a: 594
a: 595
a: 596
a: 597
a: 598
a: 599
a: 600
a: 601
a: 602
a: 603
a: 604
a: 605
a: 606
a: 607
a: 608
a: 609
a: 610
a: 611
a: 612
a: 613
a: 614
a: 615
a: 616
a: 617
a: 618
a: 619
a: 620
a: 621
a: 622
a: 623
a: 624
a: 625
a: 626
a: 627
a: 628
a: 629
a: 630
a: 631
a: 632
a: 633
a: 634
a: 635
a: 636
a: 637
a: 638
a: 639
a: 640
a: 641
a: 642
a: 643
a: 644
a: 645
a: 646
a: 647
a: 648
a: 649
a: 650
a: 651
a: 652
a: 653
a: 654
a: 655
a: 656
a: 657
a: 658
a: 659
a: 660
a: 661
a: 662
a: 663
a: 664
a: 665
a: 666
a: 667
a: 668
a: 669
a: 670
a: 671
a: 672
a: 673
a: 674
a: 675
a: 676
a: 677
a: 678
a: 679
a: 680
a: 681
a: 682
a: 683
a: 684
a: 685
a: 686
a: 687
a: 688
a: 689
a: 690
a: 691
a: 692
a: 693
a: 694
a: 695
a: 696
a: 697
a: 698
a: 699
a: 700
a: 701
a: 702
a: 703
a: 704
a: 705
a: 706
a: 707
a: 708
a: 709
a: 710
a: 711
a: 712
a: 713
a: 714
a: 715
a: 716
a: 717
a: 718
a: 719
a: 720
a: 721
a: 722
a: 723
a: 724
a: 725
a: 726
a: 727
a: 728
a: 729
a: 730
a: 731
a: 732
a: 733
a: 734
a: 735
a: 736
a: 737
a: 738
a: 739
a: 740
a: 741
a: 742
a: 743
a: 744
a: 745
a: 746
a: 747
a: 748
a: 749
a: 750
a: 751
a: 752
a: 753
a: 754
a: 755
a: 756
a: 757
a: 758
a: 759
a: 760
a: 761
a: 762
a: 763
a: 764
a: 765
a: 766
a: 767
a: 768
a: 769
a: 770
a: 771
a: 772
a: 773
a: 774
a: 775
a: 776
a: 777
a: 778
a: 779
a: 780
a: 781
a: 782
a: 783
a: 784
a: 785
a: 786
a: 787
a: 788
a: 789
a: 790
a: 791
a: 792
a: 793
a: 794
a: 795
a: 796
a: 797
a: 798
a: 799
a: 800
a: 801
a: 802
a: 803
a: 804
a: 805
a: 806
a: 807
a: 808
a: 809
a: 810
a: 811
a: 812
a: 813
a: 814
a: 815
a: 816
a: 817
a: 818
a: 819
a: 820
a: 821
a: 822
a: 823
a: 824
a: 825
a: 826
a: 827
a: 828
a: 829
a: 830
a: 831
a: 832
a: 833
a: 834
a: 835
a: 836
a: 837
a: 838
a: 839
a: 840
a: 841
a: 842
a: 843
a: 844
a: 845
a: 846
a: 847
a: 848
a: 849
a: 850
a: 851
a: 852
a: 853
a: 854
a: 855
a: 856
a: 857
a: 858
a: 859
a: 860
a: 861
a: 862
a: 863
a: 864
a: 865
a: 866
a: 867
a: 868
a: 869
a: 870
a: 871
a: 872
a: 873
a: 874
a: 875
a: 876
a: 877
a: 878
a: 879
a: 880
a: 881
a: 882
a: 883
a: 884
a: 885
a: 886
a: 887
a: 888
a: 889
a: 890
a: 891
a: 892
a: 893
a: 894
a: 895
a: 896
a: 897
a: 898
a: 899
a: 900
a: 901
a: 902
a: 903
a: 904
a: 905
a: 906
a: 907
a: 908
a: 909
a: 910
a: 911
a: 912
a: 913
a: 914
a: 915
a: 916
a: 917
a: 918
a: 919
a: 920
a: 921
a: 922
a: 923
a: 924
a: 925
a: 926
a: 927
a: 928
a: 929
a: 930
a: 931
a: 932
a: 933
a: 934
a: 935
a: 936
a: 937
a: 938
a: 939
a: 940
a: 941
a: 942
a: 943
a: 944
a: 945
a: 946
a: 947
a: 948
a: 949
a: 950
a: 951
a: 952
a: 953
a: 954
a: 955
a: 956
a: 957
a: 958
a: 959
a: 960
a: 961
a: 962
a: 963
a: 964
a: 965
a: 966
a: 967
a: 968
a: 969
a: 970
a: 971
a: 972
a: 973
a: 974
a: 975
a: 976
a: 977
a: 978
a: 979
a: 980
a: 981
a: 982
a: 983
a: 984
a: 985
a: 986
a: 987
a: 988
a: 989
a: 990
a: 991
a: 992
a: 993
a: 994
a: 995
a: 996
a: 997
a: 998
a: 999
a: 1000
a: 1001
a: 1002
a: 1003
a: 1004
a: 1005
a: 1006
a: 1007
a: 1008
a: 1009
a: 1010
a: 1011
a: 1012
a: 1013
a: 1014
a: 1015
a: 1016
a: 1017
a: 1018
a: 1019
a: 1020
a: 1021
a: 1022
a: 1023
b: 0
b: 1
b: 2
b: 3
b: 4
b: 5
b: 6
b: 7
b: 8
b: 9
b: 10
b: 11
b: 12
b: 13
b: 14
b: 15
b: 16
b: 17
b: 18
b: 19
b: 20
b: 21
b: 22
b: 23
b: 24
b: 25
b: 26
b: 27
b: 28
b: 29
b: 30
b: 31
b: 32
b: 33
b: 34
b: 35
b: 36
b: 37
b: 38
b: 39
b: 40
b: 41
b: 42
b: 43
b: 44
b: 45
b: 46
b: 47
b: 48
b: 49
b: 50
b: 51
b: 52
b: 53
b: 54
b: 55
b: 56
b: 57
b: 58
b: 59
b: 60
b: 61
b: 62
b: 63
b: 64
b: 65
b: 66
b: 67
b: 68
b: 69
b: 70
b: 71
b: 72
b: 73
b: 74
b: 75
b: 76
b: 77
b: 78
b: 79
b: 80
b: 81
b: 82
b: 83
b: 84
b: 85
b: 86
b: 87
b: 88
b: 89
b: 90
b: 91
b: 92
b: 93
b: 94
b: 95
b: 96
b: 97
b: 98
b: 99
b: 100
b: 101
b: 102
b: 103
b: 104
b: 105
b: 106
b: 107
b: 108
b: 109
b: 110
b: 111
b: 112
b: 113
b: 114
b: 115
b: 116
b: 117
b: 118
b: 119
b: 120
b: 121
b: 122
b: 123
b: 124
b: 125
b: 126
b: 127
b: 128
b: 129
b: 130
b: 131
b: 132
b: 133
b: 134
b: 135
b: 136
b: 137
b: 138
b: 139
b: 140
b: 141
b: 142
b: 143
b: 144
b: 145
b: 146
b: 147
b: 148
b: 149
b: 150
b: 151
b: 152
b: 153
b: 154
b: 155
b: 156
b: 157
b: 158
b: 159
b: 160
b: 161
b: 162
b: 163
b: 164
b: 165
b: 166
b: 167
b: 168
b: 169
b: 170
b: 171
b: 172
b: 173
b: 174
b: 175
b: 176
b: 177
b: 178
b: 179
b: 180
b: 181
b: 182
b: 183
b: 184
b: 185
b: 186
b: 187
b: 188
b: 189
b: 190
b: 191
b: 192
b: 193
b: 194
b: 195
b: 196
b: 197
b: 198
b: 199
b: 200
b: 201
b: 202
b: 203
b: 204
b: 205
b: 206
b: 207
b: 208
b: 209
b: 210
b: 211
b: 212
b: 213
b: 214
b: 215
b: 216
b: 217
b: 218
b: 219
b: 220
b: 221
b: 222
b: 223
b: 224
b: 225
b: 226
b: 227
b: 228
b: 229
b: 230
b: 231
b: 232
b: 233
b: 234
b: 235
b: 236
b: 237
b: 238
b: 239
b: 240
b: 241
b: 242
b: 243
b: 244
b: 245
b: 246
b: 247
b: 248
b: 249
b: 250
b: 251
b: 252
b: 253
b: 254
b: 255
b: 256
b: 257
b: 258
b: 259
b: 260
b: 261
b: 262
b: 263
b: 264
b: 265
b: 266
b: 267
b: 268
b: 269
b: 270
b: 271
b: 272
b: 273
b: 274
b: 275
b: 276
b: 277
b: 278
b: 279
b: 280
b: 281
b: 282
b: 283
b: 284
b: 285
b: 286
b: 287
b: 288
b: 289
b: 290
b: 291
b: 292
b: 293
b: 294
b: 295
b: 296
b: 297
b: 298
b: 299
b: 300
b: 301
b: 302
b: 303
b: 304
b: 305
b: 306
b: 307
b: 308
b: 309
b: 310
b: 311
b: 312
b: 313
b: 314
b: 315
b: 316
b: 317
b: 318
b: 319
b: 320
b: 321
b: 322
b: 323
b: 324
b: 325
b: 326
b: 327
b: 328
b: 329
b: 330
b: 331
b: 332
b: 333
b: 334
b: 335
b: 336
b: 337
b: 338
b: 339
b: 340
b: 341
b: 342
b: 343
b: 344
b: 345
b: 346
b: 347
b: 348
b: 349
b: 350
b: 351
b: 352
b: 353
b: 354
b: 355
b: 356
b: 357
b: 358
b: 359
b: 360
b: 361
b: 362
b: 363
b: 364
b: 365
b: 366
b: 367
b: 368
b: 369
b: 370
b: 371
b: 372
b: 373
b: 374
b: 375
b: 376
b: 377
b: 378
b: 379
b: 380
b: 381
b: 382
b: 383
b: 384
b: 385
b: 386
b: 387
b: 388
b: 389
b: 390
b: 391
b: 392
b: 393
b: 394
b: 395
b: 396
b: 397
b: 398
b: 399
b: 400
b: 401
b: 402
b: 403
b: 404
b: 405
b: 406
b: 407
b: 408
b: 409
b: 410
b: 411
b: 412
b: 413
b: 414
b: 415
b: 416
b: 417
b: 418
b: 419
b: 420
b: 421
b: 422
b: 423
b: 424
b: 425
b: 426
b: 427
b: 428
b: 429
b: 430
b: 431
b: 432
b: 433
b: 434
b: 435
b: 436
b: 437
b: 438
b: 439
b: 440
b: 441
b: 442
b: 443
b: 444
b: 445
b: 446
b: 447
b: 448
b: 449
b: 450
b: 451
b: 452
b: 453
b: 454
b: 455
b: 456
b: 457
b: 458
b: 459
b: 460
b: 461
b: 462
b: 463
b: 464
b: 465
b: 466
b: 467
b: 468
b: 469
b: 470
b: 471
b: 472
b: 473
b: 474
b: 475
b: 476
b: 477
b: 478
b: 479
b: 480
b: 481
b: 482
b: 483
b: 484
b: 485
b: 486
b: 487
b: 488
b: 489
b: 490
b: 491
b: 492
b: 493
b: 494
b: 495
b: 496
b: 497
b: 498
b: 499
b: 500
b: 501
b: 502
b: 503
b: 504
b: 505
b: 506
b: 507
b: 508
b: 509
b: 510
b: 511
b: 512
b: 513
b: 514
b: 515
b: 516
b: 517
b: 518
b: 519
b: 520
b: 521
b: 522
b: 523
b: 524
b: 525
b: 526
b: 527
b: 528
b: 529
b: 530
b: 531
b: 532
b: 533
b: 534
b: 535
b: 536
b: 537
b: 538
b: 539
b: 540
b: 541
b: 542
b: 543
b: 544
b: 545
b: 546
b: 547
b: 548
b: 549
b: 550
b: 551
b: 552
b: 553
b: 554
b: 555
b: 556
b: 557
b: 558
b: 559
b: 560
b: 561
b: 562
b: 563
b: 564
b: 565
b: 566
b: 567
b: 568
b: 569
b: 570
b: 571
b: 572
b: 573
b: 574
b: 575
b: 576
b: 577
b: 578
b: 579
b: 580
b: 581
b: 582
b: 583
b: 584
b: 585
b: 586
b: 587
b: 588
b: 589
b: 590
b: 591
b: 592
b: 593
b: 594
b: 595
b: 596
b: 597
b: 598
b: 599
b: 600
b: 601
b: 602
b: 603
b: 604
b: 605
b: 606
b: 607
b: 608
b: 609
b: 610
b: 611
b: 612
b: 613
b: 614
b: 615
b: 616
b: 617
b: 618
b: 619
b: 620
b: 621
b: 622
b: 623
b: 624
b: 625
b: 626
b: 627
b: 628
b: 629
b: 630
b: 631
b: 632
b: 633
b: 634
b: 635
b: 636
b: 637
b: 638
b: 639
b: 640
b: 641
b: 642
b: 643
b: 644
b: 645
b: 646
b: 647
b: 648
b: 649
b: 650
b: 651
b: 652
b: 653
b: 654
b: 655
b: 656
b: 657
b: 658
b: 659
b: 660
b: 661
b: 662
b: 663
b: 664
b: 665
b: 666
b: 667
b: 668
b: 669
b: 670
b: 671
b: 672
b: 673
b: 674
b: 675
b: 676
b: 677
b: 678
b: 679
b: 680
b: 681
b: 682
b: 683
b: 684
b: 685
b: 686
b: 687
b: 688
b: 689
b: 690
b: 691
b: 692
b: 693
b: 694
b: 695
b: 696
b: 697
b: 698
b: 699
b: 700
b: 701
b: 702
b: 703
b: 704
b: 705
b: 706
b: 707
b: 708
b: 709
b: 710
b: 711
b: 712
b: 713
b: 714
b: 715
b: 716
b: 717
b: 718
b: 719
b: 720
b: 721
b: 722
b: 723
b: 724
b: 725
b: 726
b: 727
b: 728
b: 729
b: 730
b: 731
b: 732
b: 733
b: 734
b: 735
b: 736
b: 737
b: 738
b: 739
b: 740
b: 741
b: 742
b: 743
b: 744
b: 745
b: 746
b: 747
b: 748
b: 749
b: 750
b: 751
b: 752
b: 753
b: 754
b: 755
b: 756
b: 757
b: 758
b: 759
b: 760
b: 761
b: 762
b: 763
b: 764
b: 765
b: 766
b: 767
b: 768
b: 769
b: 770
b: 771
b: 772
b: 773
b: 774
b: 775
b: 776
b: 777
b: 778
b: 779
b: 780
b: 781
b: 782
b: 783
b: 784
b: 785
b: 786
b: 787
b: 788
b: 789
b: 790
b: 791
b: 792
b: 793
b: 794
b: 795
b: 796
b: 797
b: 798
b: 799
b: 800
b: 801
b: 802
b: 803
b: 804
b: 805
b: 806
b: 807
b: 808
b: 809
b: 810
b: 811
b: 812
b: 813
b: 814
b: 815
b: 816
b: 817
b: 818
b: 819
b: 820
b: 821
b: 822
b: 823
b: 824
b: 825
b: 826
b: 827
b: 828
b: 829
b: 830
b: 831
b: 832
b: 833
b: 834
b: 835
b: 836
b: 837
b: 838
b: 839
b: 840
b: 841
b: 842
b: 843
b: 844
b: 845
b: 846
b: 847
b: 848
b: 849
b: 850
b: 851
b: 852
b: 853
b: 854
b: 855
b: 856
b: 857
b: 858
b: 859
b: 860
b: 861
b: 862
b: 863
b: 864
b: 865
b: 866
b: 867
b: 868
b: 869
b: 870
b: 871
b: 872
b: 873
b: 874
b: 875
b: 876
b: 877
b: 878
b: 879
b: 880
b: 881
b: 882
b: 883
b: 884
b: 885
b: 886
b: 887
b: 888
b: 889
b: 890
b: 891
b: 892
b: 893
b: 894
b: 895
b: 896
b: 897
b: 898
b: 899
b: 900
b: 901
b: 902
b: 903
b: 904
b: 905
b: 906
b: 907
b: 908
b: 909
b: 910
b: 911
b: 912
b: 913
b: 914
b: 915
b: 916
b: 917
b: 918
b: 919
b: 920
b: 921
b: 922
b: 923
b: 924
b: 925
b: 926
b: 927
b: 928
b: 929
b: 930
b: 931
b: 932
b: 933
b: 934
b: 935
b: 936
b: 937
b: 938
b: 939
b: 940
b: 941
b: 942
b: 943
b: 944
b: 945
b: 946
b: 947
b: 948
b: 949
b: 950
b: 951
b: 952
b: 953
b: 954
b: 955
b: 956
b: 957
b: 958
b: 959
b: 960
b: 961
b: 962
b: 963
b: 964
b: 965
b: 966
b: 967
b: 968
b: 969
b: 970
b: 971
b: 972
b: 973
b: 974
b: 975
b: 976
b: 977
b: 978
b: 979
b: 980
b: 981
b: 982
b: 983
b: 984
b: 985
b: 986
b: 987
b: 988
b: 989
b: 990
b: 991
b: 992
b: 993
b: 994
b: 995
b: 996
b: 997
b: 998
b: 999
b: 1000
b: 1001
b: 1002
b: 1003
b: 1004
b: 1005
b: 1006
b: 1007
b: 1008
b: 1009
b: 1010
b: 1011
b: 1012
b: 1013
b: 1014
b: 1015
b: 1016
b: 1017
b: 1018
b: 1019
b: 1020
b: 1021
b: 1022
b: 1023
