FooA
FooB|FooC
FooA|FooB|FooC
FooA
FooB|FooC
FooA|FooB|FooC
