copiedBar: "@"Bar",C,N,V_copiedBar"
dynamicBar: "@"Bar",N"
serializableBar: "@"Bar",E,N,V_serializableBar"
containerBar: "@"Bar",K,N,GgetterBar,SsetterBar:,+adderBar:,-removerBar:,V_containerBar"
defaultObject: "@,N,V_defaultObject"
retainedBar: "@"Bar",&,N,V_retainedBar"
defaultInteger: "q,N,V_defaultInteger"
assignedBar: "@"Bar",N,V_assignedBar"
observableBar: "@"Bar",O,N,V_observableBar"
nonserializableBar: "@"Bar",N,V_nonserializableBar"
nonatomicBar: "@"Bar",N,V_nonatomicBar"
readonlyBar: "@"Bar",R,N,V_readonlyBar"
