copiedBar: "@"Bar",&,N"
copiedBar: "@"Bar",C,O,N,V_copiedBar"
