{
   _borderWidth = 18.48,
   _count = 1848,
   _nilObject = nil,
   _nullString = NULL,
   _object = <Bar <pointer>>,
   _string = "Vfl Bochum 1848"
}
