-[P foo]
-[Q foo]
-[B foo]
-[B(C) foo]
-[B(X) foo]
-[B(Y) foo]

-[B(Y) foo]
-[B(X) foo]
-[B(C) foo]
-[B foo]
-[Q foo]
-[P foo]

---
-[A foo]
-[A(X) foo]
-[A(Y) foo]
-[P foo]
-[Q foo]
-[B foo]
-[B(C) foo]
-[B(X) foo]
-[B(Y) foo]

-[B(Y) foo]
-[B(X) foo]
-[B(C) foo]
-[B foo]
-[Q foo]
-[P foo]
-[A(Y) foo]
-[A(X) foo]
-[A foo]

---
