Property "value" of Foo is serializable
Property "value" of Bar is not serializable
