NSObject:
NO
YES

Foo:
YES
NO
NO
NO

Bar:
YES
NO
NO
NO

XXX:
YES
NO
NO
NO

foo:
YES
YES
NO
NO

bar:
YES
YES
YES
NO

xxx:
YES
NO
NO
YES

fails:
NO
NO
NO
NO
NO
NO
