NSObject:
NO
NO

Foo:
NO
NO
NO
NO

Bar:
NO
NO
NO
NO

XXX:
NO
NO
NO
NO

foo:
NO
YES
NO
NO

bar:
NO
NO
YES
NO

xxx:
NO
NO
NO
YES

fails:
NO
NO
NO
NO
NO
NO
