NSObject:
NO
YES

Foo:
YES
YES
NO
NO

Bar:
YES
YES
YES
NO

XXX:
YES
NO
NO
YES
