-[Foo foo] MULLE_OBJC_THREADSAFE_METHOD;
-[Foo bar] MULLE_OBJC_THREADSAFE_METHOD;
-[Foo baz] MULLE_OBJC_THREADSAFE_METHOD;
-[Foo qux];
-[Foo fooForward] MULLE_OBJC_THREADSAFE_METHOD;
-[Foo barForward] MULLE_OBJC_THREADSAFE_METHOD;
-[Foo bazForward] MULLE_OBJC_THREADSAFE_METHOD;
-[Foo quxForward];
-[Foo red] MULLE_OBJC_THREADSAFE_METHOD;
