+new
+new
+new
+new
+new
+new
+new
+new
0: 0 (0)
1: 1 (1)
2: 0 (1)
3: 1 (2)
4: 0 (1)
5: 1 (2)
6: 0 (2)
7: 1 (3)
12 -> 8
-dealloc
-dealloc
-dealloc
-dealloc
8 -> 0
inner down
middle down
outer down
-dealloc
-dealloc
-dealloc
-dealloc
