B:
+[A initialize]
+[A initialize]
+[P initialize]
+[Q initialize]
C:
+[C initialize]
+[P initialize]
+[Q initialize]
