-[NSThread currentThread] NSMainThread
-[Bar mulleIsThreadSafe] YES
-[Bar threadAffinity] (nil)
-[Bar mulleIsAccessible] YES
-[Bar mulleIsAccessibleByThread:NSMainThread] YES
-[Bar mulleIsAccessibleByThread:NSMainThread] YES
-[NSThread currentThread] NSThread
-[Bar mulleIsThreadSafe] YES
-[Bar threadAffinity] (nil)
-[Bar mulleIsAccessible] YES
-[Bar mulleIsAccessibleByThread:NSThread] YES
-[Bar mulleIsAccessibleByThread:NSMainThread] YES
