-[NSThread mulleIsThreadSafe] YES
-[NSThread threadAffinity] (nil)
-[NSThread mulleIsAccessible] YES
-[NSThread mulleIsAccessibleByThread:NSMainThread] YES
-[NSThread mulleIsAccessibleByThread:NSThread] YES
-[NSThread mulleIsAccessibleByThread:NSMainThread] YES
