foo
respondsTo( myValue) = YES
respondsTo( notMyValue) = YES
