VfL Bochum
VfL Bochum 1848
[b isKindOfClass:aClass] : YES
[b mulleIsThreadSafe]    : YES
VfL Bochum 1848
