VfL Bochum
VfL Bochum 1848
[b isKindOfClass:aClass] : YES
[b mulleIsThreadSafe]    : NO
VfL Bochum 1848
