#1 - a<: -[Foo autorelease] 1
#1 - 1: int main(int, const char **) 1
#1 - +<: -[Foo retain] 2 -> 3
#1 - a<: -[NSThread(Debug) autorelease] 1
#1 - 2: int main(int, const char **) 2
#1 - +<: -[NSThread(Debug) retain] 2 -> 3
#1 - q>: -[Foo mulleRelinquishAccess] 2
#1 - +<: -[Foo retain] 3 -> 4
#1 - q<: -[Foo mulleRelinquishAccess] 3
#2 - g>: -[Foo mulleGainAccess] 3
#2 - a<: -[Foo autorelease] 3
#2 - g<: -[Foo mulleGainAccess] 3
#2 - 3*: thread_function 3
#2 - f>: -[NSThread(Debug) finalize] 2
#2 - a<: -[Foo autorelease] 3
#2 - f<: -[NSThread(Debug) finalize] 2
#2 - ->: -[Foo release] 3 -> 2
#2 - ->: -[Foo release] 2 -> 1
#? - ->: -[NSThread(Debug) release] 2 -> 1
#1 - 3: int main(int, const char **) 1
#1 - ->: -[NSThread(Debug) release] 1 -> 0
#1 - d>: -[NSThread(Debug) dealloc] 0
#1 - ->: -[Foo release] 1 -> 0
#1 - d>: -[Foo dealloc] 0
#1 - f>: -[NSThread(Debug) finalize] 1
#1 - f<: -[NSThread(Debug) finalize] 1
#? - ->: -[NSThread(Debug) release] 1 -> 0
#? - d>: -[NSThread(Debug) dealloc] 0
